Archive member included to satisfy reference by file (symbol)

/home/evaota/LPCXpresso/workspace/CMSISv1p30_LPC11xx/Debug/libCMSISv1p30_LPC11xx.a(system_LPC11xx.o)
                              ./src/UART/LPC11xx_UART.o (SystemCoreClock)
/usr/local/lpcxpresso_8.2.2_650/lpcxpresso/tools/bin/../lib/gcc/arm-none-eabi/5.4.1/../../../../arm-none-eabi/lib/armv6-m/libcr_c.a(__weak__main.o)
                              ./src/cr_startup_lpc11xx.o (__main)
/usr/local/lpcxpresso_8.2.2_650/lpcxpresso/tools/bin/../lib/gcc/arm-none-eabi/5.4.1/../../../../arm-none-eabi/lib/armv6-m/libcr_c.a(strstr.o)
                              ./src/wav/wav.o (strstr)
/usr/local/lpcxpresso_8.2.2_650/lpcxpresso/tools/bin/../lib/gcc/arm-none-eabi/5.4.1/armv6-m/libcr_eabihelpers.a(division_32.o)
                              ./src/wav/wav.o (__aeabi_uidiv)
/usr/local/lpcxpresso_8.2.2_650/lpcxpresso/tools/bin/../lib/gcc/arm-none-eabi/5.4.1/armv6-m/libcr_eabihelpers.a(division_idiv0.o)
                              /usr/local/lpcxpresso_8.2.2_650/lpcxpresso/tools/bin/../lib/gcc/arm-none-eabi/5.4.1/armv6-m/libcr_eabihelpers.a(division_32.o) (__aeabi_idiv0)

Discarded input sections

 .group         0x00000000        0x8 ./src/wav/wav.o
 .group         0x00000000        0x8 ./src/wav/wav.o
 .group         0x00000000        0x8 ./src/wav/wav.o
 .group         0x00000000        0x8 ./src/wav/wav.o
 .group         0x00000000        0x8 ./src/wav/wav.o
 .group         0x00000000        0x8 ./src/wav/wav.o
 .group         0x00000000        0x8 ./src/wav/wav.o
 .group         0x00000000        0x8 ./src/wav/wav.o
 .group         0x00000000        0x8 ./src/wav/wav.o
 .group         0x00000000        0x8 ./src/wav/wav.o
 .group         0x00000000        0x8 ./src/wav/wav.o
 .group         0x00000000        0x8 ./src/wav/wav.o
 .group         0x00000000        0x8 ./src/wav/wav.o
 .text          0x00000000        0x0 ./src/wav/wav.o
 .data          0x00000000        0x0 ./src/wav/wav.o
 .bss           0x00000000        0x0 ./src/wav/wav.o
 .group         0x00000000        0x8 ./src/fatfs/ff.o
 .group         0x00000000        0x8 ./src/fatfs/ff.o
 .group         0x00000000        0x8 ./src/fatfs/ff.o
 .group         0x00000000        0x8 ./src/fatfs/ff.o
 .text          0x00000000        0x0 ./src/fatfs/ff.o
 .data          0x00000000        0x0 ./src/fatfs/ff.o
 .bss           0x00000000        0x0 ./src/fatfs/ff.o
 .text.sync_fs  0x00000000      0x184 ./src/fatfs/ff.o
 .text.dir_remove
                0x00000000       0x78 ./src/fatfs/ff.o
 .text.get_achar
                0x00000000       0xc8 ./src/fatfs/ff.o
 .text.pattern_matching
                0x00000000      0x110 ./src/fatfs/ff.o
 .text.f_write  0x00000000      0x2f8 ./src/fatfs/ff.o
 .text.f_sync   0x00000000      0x16c ./src/fatfs/ff.o
 .text.f_close  0x00000000       0x50 ./src/fatfs/ff.o
 .text.f_chdir  0x00000000       0xc8 ./src/fatfs/ff.o
 .text.f_getcwd
                0x00000000      0x2b8 ./src/fatfs/ff.o
 .text.f_lseek  0x00000000      0x284 ./src/fatfs/ff.o
 .text.f_findnext
                0x00000000       0x60 ./src/fatfs/ff.o
 .text.f_findfirst
                0x00000000       0x54 ./src/fatfs/ff.o
 .text.f_stat   0x00000000       0x8c ./src/fatfs/ff.o
 .text.f_getfree
                0x00000000      0x1a8 ./src/fatfs/ff.o
 .text.f_truncate
                0x00000000      0x198 ./src/fatfs/ff.o
 .text.f_unlink
                0x00000000      0x1d4 ./src/fatfs/ff.o
 .text.f_mkdir  0x00000000      0x2ec ./src/fatfs/ff.o
 .text.f_chmod  0x00000000      0x100 ./src/fatfs/ff.o
 .text.f_rename
                0x00000000      0x250 ./src/fatfs/ff.o
 .text.f_utime  0x00000000       0xf4 ./src/fatfs/ff.o
 .debug_macro   0x00000000      0x83e ./src/fatfs/ff.o
 .debug_macro   0x00000000       0xdc ./src/fatfs/ff.o
 .group         0x00000000        0x8 ./src/fatfs/mmc_ssp.o
 .group         0x00000000        0x8 ./src/fatfs/mmc_ssp.o
 .group         0x00000000        0x8 ./src/fatfs/mmc_ssp.o
 .group         0x00000000        0x8 ./src/fatfs/mmc_ssp.o
 .group         0x00000000        0x8 ./src/fatfs/mmc_ssp.o
 .group         0x00000000        0x8 ./src/fatfs/mmc_ssp.o
 .group         0x00000000        0x8 ./src/fatfs/mmc_ssp.o
 .group         0x00000000        0x8 ./src/fatfs/mmc_ssp.o
 .group         0x00000000        0x8 ./src/fatfs/mmc_ssp.o
 .group         0x00000000        0x8 ./src/fatfs/mmc_ssp.o
 .group         0x00000000        0x8 ./src/fatfs/mmc_ssp.o
 .group         0x00000000        0x8 ./src/fatfs/mmc_ssp.o
 .group         0x00000000        0x8 ./src/fatfs/mmc_ssp.o
 .group         0x00000000        0x8 ./src/fatfs/mmc_ssp.o
 .group         0x00000000        0x8 ./src/fatfs/mmc_ssp.o
 .text          0x00000000        0x0 ./src/fatfs/mmc_ssp.o
 .data          0x00000000        0x0 ./src/fatfs/mmc_ssp.o
 .bss           0x00000000        0x0 ./src/fatfs/mmc_ssp.o
 .text.disk_ioctl
                0x00000000      0x42c ./src/fatfs/mmc_ssp.o
 .rodata.disk_ioctl
                0x00000000       0xdc ./src/fatfs/mmc_ssp.o
 .debug_macro   0x00000000      0x83e ./src/fatfs/mmc_ssp.o
 .debug_macro   0x00000000       0x10 ./src/fatfs/mmc_ssp.o
 .debug_macro   0x00000000      0x12d ./src/fatfs/mmc_ssp.o
 .debug_macro   0x00000000      0x5b2 ./src/fatfs/mmc_ssp.o
 .debug_macro   0x00000000       0x16 ./src/fatfs/mmc_ssp.o
 .debug_macro   0x00000000       0xa6 ./src/fatfs/mmc_ssp.o
 .group         0x00000000        0x8 ./src/UART/LPC11xx_UART.o
 .group         0x00000000        0x8 ./src/UART/LPC11xx_UART.o
 .group         0x00000000        0x8 ./src/UART/LPC11xx_UART.o
 .group         0x00000000        0x8 ./src/UART/LPC11xx_UART.o
 .group         0x00000000        0x8 ./src/UART/LPC11xx_UART.o
 .group         0x00000000        0x8 ./src/UART/LPC11xx_UART.o
 .group         0x00000000        0x8 ./src/UART/LPC11xx_UART.o
 .group         0x00000000        0x8 ./src/UART/LPC11xx_UART.o
 .text          0x00000000        0x0 ./src/UART/LPC11xx_UART.o
 .data          0x00000000        0x0 ./src/UART/LPC11xx_UART.o
 .bss           0x00000000        0x0 ./src/UART/LPC11xx_UART.o
 .text.UART_StringTransmit
                0x00000000       0x2c ./src/UART/LPC11xx_UART.o
 .debug_macro   0x00000000      0x83e ./src/UART/LPC11xx_UART.o
 .debug_macro   0x00000000       0x1c ./src/UART/LPC11xx_UART.o
 .debug_macro   0x00000000       0x22 ./src/UART/LPC11xx_UART.o
 .debug_macro   0x00000000       0x10 ./src/UART/LPC11xx_UART.o
 .debug_macro   0x00000000      0x12d ./src/UART/LPC11xx_UART.o
 .debug_macro   0x00000000      0x5b2 ./src/UART/LPC11xx_UART.o
 .debug_macro   0x00000000      0x37a ./src/UART/LPC11xx_UART.o
 .debug_macro   0x00000000      0x123 ./src/UART/LPC11xx_UART.o
 .group         0x00000000        0x8 ./src/Timer16_32/LPC11xx_Timer16_32.o
 .group         0x00000000        0x8 ./src/Timer16_32/LPC11xx_Timer16_32.o
 .group         0x00000000        0x8 ./src/Timer16_32/LPC11xx_Timer16_32.o
 .group         0x00000000        0x8 ./src/Timer16_32/LPC11xx_Timer16_32.o
 .group         0x00000000        0x8 ./src/Timer16_32/LPC11xx_Timer16_32.o
 .group         0x00000000        0x8 ./src/Timer16_32/LPC11xx_Timer16_32.o
 .group         0x00000000        0x8 ./src/Timer16_32/LPC11xx_Timer16_32.o
 .group         0x00000000        0x8 ./src/Timer16_32/LPC11xx_Timer16_32.o
 .group         0x00000000        0x8 ./src/Timer16_32/LPC11xx_Timer16_32.o
 .text          0x00000000        0x0 ./src/Timer16_32/LPC11xx_Timer16_32.o
 .data          0x00000000        0x0 ./src/Timer16_32/LPC11xx_Timer16_32.o
 .bss           0x00000000        0x0 ./src/Timer16_32/LPC11xx_Timer16_32.o
 .text.Timer16_32_SetExternalOut
                0x00000000       0x38 ./src/Timer16_32/LPC11xx_Timer16_32.o
 .debug_macro   0x00000000      0x83e ./src/Timer16_32/LPC11xx_Timer16_32.o
 .debug_macro   0x00000000       0x1c ./src/Timer16_32/LPC11xx_Timer16_32.o
 .debug_macro   0x00000000       0x22 ./src/Timer16_32/LPC11xx_Timer16_32.o
 .debug_macro   0x00000000       0x10 ./src/Timer16_32/LPC11xx_Timer16_32.o
 .debug_macro   0x00000000      0x12d ./src/Timer16_32/LPC11xx_Timer16_32.o
 .debug_macro   0x00000000      0x5b2 ./src/Timer16_32/LPC11xx_Timer16_32.o
 .debug_macro   0x00000000      0x37a ./src/Timer16_32/LPC11xx_Timer16_32.o
 .debug_macro   0x00000000      0x123 ./src/Timer16_32/LPC11xx_Timer16_32.o
 .group         0x00000000        0x8 ./src/SPI/LPC11xx_SPI.o
 .group         0x00000000        0x8 ./src/SPI/LPC11xx_SPI.o
 .group         0x00000000        0x8 ./src/SPI/LPC11xx_SPI.o
 .group         0x00000000        0x8 ./src/SPI/LPC11xx_SPI.o
 .group         0x00000000        0x8 ./src/SPI/LPC11xx_SPI.o
 .group         0x00000000        0x8 ./src/SPI/LPC11xx_SPI.o
 .group         0x00000000        0x8 ./src/SPI/LPC11xx_SPI.o
 .group         0x00000000        0x8 ./src/SPI/LPC11xx_SPI.o
 .text          0x00000000        0x0 ./src/SPI/LPC11xx_SPI.o
 .data          0x00000000        0x0 ./src/SPI/LPC11xx_SPI.o
 .bss           0x00000000        0x0 ./src/SPI/LPC11xx_SPI.o
 .text.SPI_Transmit
                0x00000000       0x40 ./src/SPI/LPC11xx_SPI.o
 .text.SPI_Receive
                0x00000000       0x28 ./src/SPI/LPC11xx_SPI.o
 .debug_macro   0x00000000      0x83e ./src/SPI/LPC11xx_SPI.o
 .debug_macro   0x00000000       0x1c ./src/SPI/LPC11xx_SPI.o
 .debug_macro   0x00000000       0x22 ./src/SPI/LPC11xx_SPI.o
 .debug_macro   0x00000000       0x10 ./src/SPI/LPC11xx_SPI.o
 .debug_macro   0x00000000      0x12d ./src/SPI/LPC11xx_SPI.o
 .debug_macro   0x00000000      0x5b2 ./src/SPI/LPC11xx_SPI.o
 .debug_macro   0x00000000      0x37a ./src/SPI/LPC11xx_SPI.o
 .debug_macro   0x00000000      0x123 ./src/SPI/LPC11xx_SPI.o
 .group         0x00000000        0x8 ./src/PWM/LPC11xx_PWM.o
 .group         0x00000000        0x8 ./src/PWM/LPC11xx_PWM.o
 .group         0x00000000        0x8 ./src/PWM/LPC11xx_PWM.o
 .group         0x00000000        0x8 ./src/PWM/LPC11xx_PWM.o
 .group         0x00000000        0x8 ./src/PWM/LPC11xx_PWM.o
 .group         0x00000000        0x8 ./src/PWM/LPC11xx_PWM.o
 .group         0x00000000        0x8 ./src/PWM/LPC11xx_PWM.o
 .group         0x00000000        0x8 ./src/PWM/LPC11xx_PWM.o
 .group         0x00000000        0x8 ./src/PWM/LPC11xx_PWM.o
 .text          0x00000000        0x0 ./src/PWM/LPC11xx_PWM.o
 .data          0x00000000        0x0 ./src/PWM/LPC11xx_PWM.o
 .bss           0x00000000        0x0 ./src/PWM/LPC11xx_PWM.o
 .text.PWM16B0_Init
                0x00000000       0x60 ./src/PWM/LPC11xx_PWM.o
 .text.PWM16B1_Init
                0x00000000       0x54 ./src/PWM/LPC11xx_PWM.o
 .text.PWM32B0_Init
                0x00000000       0x68 ./src/PWM/LPC11xx_PWM.o
 .text.PWM_Set_duty
                0x00000000       0x18 ./src/PWM/LPC11xx_PWM.o
 .debug_macro   0x00000000      0x83e ./src/PWM/LPC11xx_PWM.o
 .debug_macro   0x00000000       0x1c ./src/PWM/LPC11xx_PWM.o
 .debug_macro   0x00000000       0x22 ./src/PWM/LPC11xx_PWM.o
 .debug_macro   0x00000000       0x10 ./src/PWM/LPC11xx_PWM.o
 .debug_macro   0x00000000      0x12d ./src/PWM/LPC11xx_PWM.o
 .debug_macro   0x00000000      0x5b2 ./src/PWM/LPC11xx_PWM.o
 .debug_macro   0x00000000      0x37a ./src/PWM/LPC11xx_PWM.o
 .debug_macro   0x00000000      0x123 ./src/PWM/LPC11xx_PWM.o
 .debug_macro   0x00000000       0x22 ./src/PWM/LPC11xx_PWM.o
 .group         0x00000000        0x8 ./src/SoundEffectPlayer.o
 .group         0x00000000        0x8 ./src/SoundEffectPlayer.o
 .group         0x00000000        0x8 ./src/SoundEffectPlayer.o
 .group         0x00000000        0x8 ./src/SoundEffectPlayer.o
 .group         0x00000000        0x8 ./src/SoundEffectPlayer.o
 .group         0x00000000        0x8 ./src/SoundEffectPlayer.o
 .group         0x00000000        0x8 ./src/SoundEffectPlayer.o
 .group         0x00000000        0x8 ./src/SoundEffectPlayer.o
 .group         0x00000000        0x8 ./src/SoundEffectPlayer.o
 .group         0x00000000        0x8 ./src/SoundEffectPlayer.o
 .group         0x00000000        0x8 ./src/SoundEffectPlayer.o
 .group         0x00000000        0x8 ./src/SoundEffectPlayer.o
 .group         0x00000000        0x8 ./src/SoundEffectPlayer.o
 .group         0x00000000        0x8 ./src/SoundEffectPlayer.o
 .group         0x00000000        0x8 ./src/SoundEffectPlayer.o
 .group         0x00000000        0x8 ./src/SoundEffectPlayer.o
 .group         0x00000000        0x8 ./src/SoundEffectPlayer.o
 .group         0x00000000        0x8 ./src/SoundEffectPlayer.o
 .group         0x00000000        0x8 ./src/SoundEffectPlayer.o
 .group         0x00000000        0x8 ./src/SoundEffectPlayer.o
 .group         0x00000000        0x8 ./src/SoundEffectPlayer.o
 .group         0x00000000        0x8 ./src/SoundEffectPlayer.o
 .text          0x00000000        0x0 ./src/SoundEffectPlayer.o
 .data          0x00000000        0x0 ./src/SoundEffectPlayer.o
 .bss           0x00000000        0x0 ./src/SoundEffectPlayer.o
 .debug_macro   0x00000000      0x83e ./src/SoundEffectPlayer.o
 .debug_macro   0x00000000       0x1c ./src/SoundEffectPlayer.o
 .debug_macro   0x00000000       0x22 ./src/SoundEffectPlayer.o
 .debug_macro   0x00000000       0x10 ./src/SoundEffectPlayer.o
 .debug_macro   0x00000000      0x12d ./src/SoundEffectPlayer.o
 .debug_macro   0x00000000      0x5b2 ./src/SoundEffectPlayer.o
 .debug_macro   0x00000000      0x37a ./src/SoundEffectPlayer.o
 .debug_macro   0x00000000      0x123 ./src/SoundEffectPlayer.o
 .debug_macro   0x00000000       0x28 ./src/SoundEffectPlayer.o
 .debug_macro   0x00000000       0x40 ./src/SoundEffectPlayer.o
 .debug_macro   0x00000000       0x9a ./src/SoundEffectPlayer.o
 .debug_macro   0x00000000       0xc4 ./src/SoundEffectPlayer.o
 .debug_macro   0x00000000       0x22 ./src/SoundEffectPlayer.o
 .debug_macro   0x00000000       0x16 ./src/SoundEffectPlayer.o
 .debug_macro   0x00000000       0x2e ./src/SoundEffectPlayer.o
 .debug_macro   0x00000000       0x22 ./src/SoundEffectPlayer.o
 .debug_macro   0x00000000       0x16 ./src/SoundEffectPlayer.o
 .debug_macro   0x00000000       0xa6 ./src/SoundEffectPlayer.o
 .debug_macro   0x00000000       0xdc ./src/SoundEffectPlayer.o
 .debug_macro   0x00000000       0xee ./src/SoundEffectPlayer.o
 .debug_macro   0x00000000       0x1c ./src/SoundEffectPlayer.o
 .group         0x00000000        0x8 ./src/cr_startup_lpc11xx.o
 .text          0x00000000        0x0 ./src/cr_startup_lpc11xx.o
 .data          0x00000000        0x0 ./src/cr_startup_lpc11xx.o
 .bss           0x00000000        0x0 ./src/cr_startup_lpc11xx.o
 .debug_macro   0x00000000      0x83e ./src/cr_startup_lpc11xx.o
 .group         0x00000000        0x8 ./src/crp.o
 .group         0x00000000        0x8 ./src/crp.o
 .text          0x00000000        0x0 ./src/crp.o
 .data          0x00000000        0x0 ./src/crp.o
 .bss           0x00000000        0x0 ./src/crp.o
 .debug_macro   0x00000000      0x83e ./src/crp.o
 .group         0x00000000        0x8 ./src/xprintf.o
 .group         0x00000000        0x8 ./src/xprintf.o
 .group         0x00000000        0x8 ./src/xprintf.o
 .group         0x00000000        0x8 ./src/xprintf.o
 .text          0x00000000        0x0 ./src/xprintf.o
 .data          0x00000000        0x0 ./src/xprintf.o
 .bss           0x00000000        0x0 ./src/xprintf.o
 .text.xfputs   0x00000000       0x40 ./src/xprintf.o
 .text.xsprintf
                0x00000000       0x44 ./src/xprintf.o
 .text.xfprintf
                0x00000000       0x40 ./src/xprintf.o
 .rodata        0x00000000       0x1f ./src/xprintf.o
 .text.put_dump
                0x00000000      0x104 ./src/xprintf.o
 .text.xgets    0x00000000       0xa0 ./src/xprintf.o
 .text.xfgets   0x00000000       0x3c ./src/xprintf.o
 .text.xatoi    0x00000000      0x1dc ./src/xprintf.o
 .debug_macro   0x00000000      0x83e ./src/xprintf.o
 .debug_macro   0x00000000       0x40 ./src/xprintf.o
 .debug_macro   0x00000000       0x10 ./src/xprintf.o
 .group         0x00000000        0x8 /home/evaota/LPCXpresso/workspace/CMSISv1p30_LPC11xx/Debug/libCMSISv1p30_LPC11xx.a(system_LPC11xx.o)
 .group         0x00000000        0x8 /home/evaota/LPCXpresso/workspace/CMSISv1p30_LPC11xx/Debug/libCMSISv1p30_LPC11xx.a(system_LPC11xx.o)
 .group         0x00000000        0x8 /home/evaota/LPCXpresso/workspace/CMSISv1p30_LPC11xx/Debug/libCMSISv1p30_LPC11xx.a(system_LPC11xx.o)
 .group         0x00000000        0x8 /home/evaota/LPCXpresso/workspace/CMSISv1p30_LPC11xx/Debug/libCMSISv1p30_LPC11xx.a(system_LPC11xx.o)
 .group         0x00000000        0x8 /home/evaota/LPCXpresso/workspace/CMSISv1p30_LPC11xx/Debug/libCMSISv1p30_LPC11xx.a(system_LPC11xx.o)
 .group         0x00000000        0x8 /home/evaota/LPCXpresso/workspace/CMSISv1p30_LPC11xx/Debug/libCMSISv1p30_LPC11xx.a(system_LPC11xx.o)
 .group         0x00000000        0x8 /home/evaota/LPCXpresso/workspace/CMSISv1p30_LPC11xx/Debug/libCMSISv1p30_LPC11xx.a(system_LPC11xx.o)
 .text          0x00000000        0x0 /home/evaota/LPCXpresso/workspace/CMSISv1p30_LPC11xx/Debug/libCMSISv1p30_LPC11xx.a(system_LPC11xx.o)
 .bss           0x00000000        0x0 /home/evaota/LPCXpresso/workspace/CMSISv1p30_LPC11xx/Debug/libCMSISv1p30_LPC11xx.a(system_LPC11xx.o)
 .text.SystemCoreClockUpdate
                0x00000000      0x208 /home/evaota/LPCXpresso/workspace/CMSISv1p30_LPC11xx/Debug/libCMSISv1p30_LPC11xx.a(system_LPC11xx.o)
 .rodata        0x00000000       0x40 /home/evaota/LPCXpresso/workspace/CMSISv1p30_LPC11xx/Debug/libCMSISv1p30_LPC11xx.a(system_LPC11xx.o)
 .debug_macro   0x00000000       0x10 /home/evaota/LPCXpresso/workspace/CMSISv1p30_LPC11xx/Debug/libCMSISv1p30_LPC11xx.a(system_LPC11xx.o)
 .debug_macro   0x00000000      0x12d /home/evaota/LPCXpresso/workspace/CMSISv1p30_LPC11xx/Debug/libCMSISv1p30_LPC11xx.a(system_LPC11xx.o)
 .debug_macro   0x00000000      0x5b2 /home/evaota/LPCXpresso/workspace/CMSISv1p30_LPC11xx/Debug/libCMSISv1p30_LPC11xx.a(system_LPC11xx.o)
 .debug_macro   0x00000000       0x1c /home/evaota/LPCXpresso/workspace/CMSISv1p30_LPC11xx/Debug/libCMSISv1p30_LPC11xx.a(system_LPC11xx.o)
 .debug_macro   0x00000000      0x123 /home/evaota/LPCXpresso/workspace/CMSISv1p30_LPC11xx/Debug/libCMSISv1p30_LPC11xx.a(system_LPC11xx.o)
 .text          0x00000000        0x0 /usr/local/lpcxpresso_8.2.2_650/lpcxpresso/tools/bin/../lib/gcc/arm-none-eabi/5.4.1/../../../../arm-none-eabi/lib/armv6-m/libcr_c.a(__weak__main.o)
 .data          0x00000000        0x0 /usr/local/lpcxpresso_8.2.2_650/lpcxpresso/tools/bin/../lib/gcc/arm-none-eabi/5.4.1/../../../../arm-none-eabi/lib/armv6-m/libcr_c.a(__weak__main.o)
 .bss           0x00000000        0x0 /usr/local/lpcxpresso_8.2.2_650/lpcxpresso/tools/bin/../lib/gcc/arm-none-eabi/5.4.1/../../../../arm-none-eabi/lib/armv6-m/libcr_c.a(__weak__main.o)
 .text          0x00000000        0x0 /usr/local/lpcxpresso_8.2.2_650/lpcxpresso/tools/bin/../lib/gcc/arm-none-eabi/5.4.1/../../../../arm-none-eabi/lib/armv6-m/libcr_c.a(strstr.o)
 .data          0x00000000        0x0 /usr/local/lpcxpresso_8.2.2_650/lpcxpresso/tools/bin/../lib/gcc/arm-none-eabi/5.4.1/../../../../arm-none-eabi/lib/armv6-m/libcr_c.a(strstr.o)
 .bss           0x00000000        0x0 /usr/local/lpcxpresso_8.2.2_650/lpcxpresso/tools/bin/../lib/gcc/arm-none-eabi/5.4.1/../../../../arm-none-eabi/lib/armv6-m/libcr_c.a(strstr.o)
 .text          0x00000000        0x0 /usr/local/lpcxpresso_8.2.2_650/lpcxpresso/tools/bin/../lib/gcc/arm-none-eabi/5.4.1/armv6-m/libcr_eabihelpers.a(division_32.o)
 .data          0x00000000        0x0 /usr/local/lpcxpresso_8.2.2_650/lpcxpresso/tools/bin/../lib/gcc/arm-none-eabi/5.4.1/armv6-m/libcr_eabihelpers.a(division_32.o)
 .bss           0x00000000        0x0 /usr/local/lpcxpresso_8.2.2_650/lpcxpresso/tools/bin/../lib/gcc/arm-none-eabi/5.4.1/armv6-m/libcr_eabihelpers.a(division_32.o)
 .text          0x00000000        0x0 /usr/local/lpcxpresso_8.2.2_650/lpcxpresso/tools/bin/../lib/gcc/arm-none-eabi/5.4.1/armv6-m/libcr_eabihelpers.a(division_idiv0.o)
 .data          0x00000000        0x0 /usr/local/lpcxpresso_8.2.2_650/lpcxpresso/tools/bin/../lib/gcc/arm-none-eabi/5.4.1/armv6-m/libcr_eabihelpers.a(division_idiv0.o)
 .bss           0x00000000        0x0 /usr/local/lpcxpresso_8.2.2_650/lpcxpresso/tools/bin/../lib/gcc/arm-none-eabi/5.4.1/armv6-m/libcr_eabihelpers.a(division_idiv0.o)

Memory Configuration

Name             Origin             Length             Attributes
MFlash32         0x00000000         0x00008000         xr
RamLoc4          0x10000000         0x00001000         xrw
*default*        0x00000000         0xffffffff

Linker script and memory map

LOAD ./src/wav/wav.o
LOAD ./src/fatfs/ff.o
LOAD ./src/fatfs/mmc_ssp.o
LOAD ./src/UART/LPC11xx_UART.o
LOAD ./src/Timer16_32/LPC11xx_Timer16_32.o
LOAD ./src/SPI/LPC11xx_SPI.o
LOAD ./src/PWM/LPC11xx_PWM.o
LOAD ./src/SoundEffectPlayer.o
LOAD ./src/cr_startup_lpc11xx.o
LOAD ./src/crp.o
LOAD ./src/xprintf.o
LOAD /home/evaota/LPCXpresso/workspace/CMSISv1p30_LPC11xx/Debug/libCMSISv1p30_LPC11xx.a
START GROUP
LOAD /usr/local/lpcxpresso_8.2.2_650/lpcxpresso/tools/bin/../lib/gcc/arm-none-eabi/5.4.1/../../../../arm-none-eabi/lib/armv6-m/libcr_c.a
LOAD /usr/local/lpcxpresso_8.2.2_650/lpcxpresso/tools/bin/../lib/gcc/arm-none-eabi/5.4.1/armv6-m/libcr_eabihelpers.a
END GROUP
                0x00000000                __base_MFlash32 = 0x0
                0x00000000                __base_Flash = 0x0
                0x00008000                __top_MFlash32 = 0x8000
                0x00008000                __top_Flash = 0x8000
                0x10000000                __base_RamLoc4 = 0x10000000
                0x10000000                __base_RAM = 0x10000000
                0x10001000                __top_RamLoc4 = 0x10001000
                0x10001000                __top_RAM = 0x10001000

.text           0x00000000     0x4e40
 FILL mask 0xff
                0x00000000                __vectors_start__ = ABSOLUTE (.)
 *(.isr_vector)
 .isr_vector    0x00000000       0xc0 ./src/cr_startup_lpc11xx.o
                0x00000000                g_pfnVectors
                0x000000c0                . = ALIGN (0x4)
                0x000000c0                __section_table_start = .
                0x000000c0                __data_section_table = .
                0x000000c0        0x4 LONG 0x4e40 LOADADDR (.data)
                0x000000c4        0x4 LONG 0x10000000 ADDR (.data)
                0x000000c8        0x4 LONG 0x8 SIZEOF (.data)
                0x000000cc                __data_section_table_end = .
                0x000000cc                __bss_section_table = .
                0x000000cc        0x4 LONG 0x10000008 ADDR (.bss)
                0x000000d0        0x4 LONG 0x48c SIZEOF (.bss)
                0x000000d4                __bss_section_table_end = .
                0x000000d4                __section_table_end = .
 *(.after_vectors*)
 .after_vectors
                0x000000d4      0x124 ./src/cr_startup_lpc11xx.o
                0x000000d4                data_init
                0x00000114                bss_init
                0x00000148                ResetISR
                0x000001c8                NMI_Handler
                0x000001d0                HardFault_Handler
                0x000001d8                SVC_Handler
                0x000001e0                PendSV_Handler
                0x000001f0                UART_IRQHandler
                0x000001f0                TIMER32_0_IRQHandler
                0x000001f0                TIMER32_1_IRQHandler
                0x000001f0                IntDefaultHandler
                0x000001f0                PIOINT1_IRQHandler
                0x000001f0                CAN_IRQHandler
                0x000001f0                SSP0_IRQHandler
                0x000001f0                TIMER16_1_IRQHandler
                0x000001f0                ADC_IRQHandler
                0x000001f0                SSP1_IRQHandler
                0x000001f0                PIOINT2_IRQHandler
                0x000001f0                BOD_IRQHandler
                0x000001f0                WAKEUP_IRQHandler
                0x000001f0                PIOINT0_IRQHandler
                0x000001f0                I2C_IRQHandler
                0x000001f0                WDT_IRQHandler
                0x000001f0                PIOINT3_IRQHandler
                0x000002fc                . = 0x2fc
 *fill*         0x000001f8      0x104 ff
                0x000002fc                PROVIDE (__CRP_WORD_START__, .)
 *(.crp)
 .crp           0x000002fc        0x4 ./src/crp.o
                0x000002fc                CRP_WORD
                0x00000300                PROVIDE (__CRP_WORD_END__, .)
                0x00000001                ASSERT (! ((__CRP_WORD_START__ == __CRP_WORD_END__)), Linker CRP Enabled, but no CRP_WORD provided within application)
 *(.text*)
 .text.CastUint16
                0x00000300       0x28 ./src/wav/wav.o
 .text.CastUint32
                0x00000328       0x34 ./src/wav/wav.o
 .text.CheckWavFile
                0x0000035c      0x784 ./src/wav/wav.o
                0x0000035c                CheckWavFile
 .text.DispWavInfo
                0x00000ae0       0x98 ./src/wav/wav.o
                0x00000ae0                DispWavInfo
 .text.GetMusicNum
                0x00000b78       0xa4 ./src/wav/wav.o
                0x00000b78                GetMusicNum
 .text.mem_cpy  0x00000c1c       0x38 ./src/fatfs/ff.o
 .text.mem_set  0x00000c54       0x30 ./src/fatfs/ff.o
 .text.mem_cmp  0x00000c84       0x4c ./src/fatfs/ff.o
 .text.chk_chr  0x00000cd0       0x34 ./src/fatfs/ff.o
 .text.sync_window
                0x00000d04       0x94 ./src/fatfs/ff.o
 .text.move_window
                0x00000d98       0x70 ./src/fatfs/ff.o
 .text.clust2sect
                0x00000e08       0x38 ./src/fatfs/ff.o
                0x00000e08                clust2sect
 .text.get_fat  0x00000e40      0x17c ./src/fatfs/ff.o
                0x00000e40                get_fat
 .text.put_fat  0x00000fbc      0x244 ./src/fatfs/ff.o
                0x00000fbc                put_fat
 .text.remove_chain
                0x00001200       0xc8 ./src/fatfs/ff.o
 .text.create_chain
                0x000012c8      0x148 ./src/fatfs/ff.o
 .text.dir_sdi  0x00001410      0x104 ./src/fatfs/ff.o
 .text.dir_next
                0x00001514      0x1a4 ./src/fatfs/ff.o
 .text.dir_alloc
                0x000016b8       0xb4 ./src/fatfs/ff.o
 .text.ld_clust
                0x0000176c       0x58 ./src/fatfs/ff.o
 .text.st_clust
                0x000017c4       0x44 ./src/fatfs/ff.o
 .text.dir_find
                0x00001808       0xc4 ./src/fatfs/ff.o
 .text.dir_read
                0x000018cc       0xe8 ./src/fatfs/ff.o
 .text.dir_register
                0x000019b4       0x7c ./src/fatfs/ff.o
 .text.get_fileinfo
                0x00001a30       0xf0 ./src/fatfs/ff.o
 .text.create_name
                0x00001b20      0x324 ./src/fatfs/ff.o
 .text.follow_path
                0x00001e44      0x144 ./src/fatfs/ff.o
 .text.get_ldnumber
                0x00001f88       0x84 ./src/fatfs/ff.o
 .text.check_fs
                0x0000200c       0xd8 ./src/fatfs/ff.o
 .text.find_volume
                0x000020e4      0x5e0 ./src/fatfs/ff.o
 .text.validate
                0x000026c4       0x58 ./src/fatfs/ff.o
 .text.f_mount  0x0000271c       0x94 ./src/fatfs/ff.o
                0x0000271c                f_mount
 .text.f_open   0x000027b0      0x324 ./src/fatfs/ff.o
                0x000027b0                f_open
 .text.f_read   0x00002ad4      0x290 ./src/fatfs/ff.o
                0x00002ad4                f_read
 .text.f_opendir
                0x00002d64       0xec ./src/fatfs/ff.o
                0x00002d64                f_opendir
 .text.f_closedir
                0x00002e50       0x38 ./src/fatfs/ff.o
                0x00002e50                f_closedir
 .text.f_readdir
                0x00002e88       0xc0 ./src/fatfs/ff.o
                0x00002e88                f_readdir
 .text.xchg_spi
                0x00002f48       0x34 ./src/fatfs/mmc_ssp.o
 .text.rcvr_spi_multi
                0x00002f7c      0x108 ./src/fatfs/mmc_ssp.o
 .text.xmit_spi_multi
                0x00003084      0x110 ./src/fatfs/mmc_ssp.o
 .text.wait_ready
                0x00003194       0x48 ./src/fatfs/mmc_ssp.o
 .text.deselect
                0x000031dc       0x20 ./src/fatfs/mmc_ssp.o
 .text.select   0x000031fc       0x3c ./src/fatfs/mmc_ssp.o
 .text.power_on
                0x00003238       0x74 ./src/fatfs/mmc_ssp.o
 .text.power_off
                0x000032ac       0x14 ./src/fatfs/mmc_ssp.o
 .text.rcvr_datablock
                0x000032c0       0x64 ./src/fatfs/mmc_ssp.o
 .text.xmit_datablock
                0x00003324       0x78 ./src/fatfs/mmc_ssp.o
 .text.send_cmd
                0x0000339c      0x128 ./src/fatfs/mmc_ssp.o
 .text.disk_initialize
                0x000034c4      0x238 ./src/fatfs/mmc_ssp.o
                0x000034c4                disk_initialize
 .text.disk_status
                0x000036fc       0x2c ./src/fatfs/mmc_ssp.o
                0x000036fc                disk_status
 .text.disk_read
                0x00003728       0xd0 ./src/fatfs/mmc_ssp.o
                0x00003728                disk_read
 .text.disk_write
                0x000037f8      0x100 ./src/fatfs/mmc_ssp.o
                0x000037f8                disk_write
 .text.disk_timerproc
                0x000038f8       0xa8 ./src/fatfs/mmc_ssp.o
                0x000038f8                disk_timerproc
 .text.UART_Init
                0x000039a0       0xa0 ./src/UART/LPC11xx_UART.o
                0x000039a0                UART_Init
 .text.UART_Transmit
                0x00003a40       0x30 ./src/UART/LPC11xx_UART.o
                0x00003a40                UART_Transmit
 .text.UART_Receive
                0x00003a70       0x20 ./src/UART/LPC11xx_UART.o
                0x00003a70                UART_Receive
 .text.Timer16_32_Init
                0x00003a90      0x118 ./src/Timer16_32/LPC11xx_Timer16_32.o
                0x00003a90                Timer16_32_Init
 .text.Timer16_32_Clear_IR
                0x00003ba8       0x28 ./src/Timer16_32/LPC11xx_Timer16_32.o
                0x00003ba8                Timer16_32_Clear_IR
 .text.SPI_Init
                0x00003bd0       0xd0 ./src/SPI/LPC11xx_SPI.o
                0x00003bd0                SPI_Init
 .text.PWM32B1_Init
                0x00003ca0       0x68 ./src/PWM/LPC11xx_PWM.o
                0x00003ca0                PWM32B1_Init
 .text.__enable_irq
                0x00003d08        0xc ./src/SoundEffectPlayer.o
 .text.__disable_irq
                0x00003d14        0xc ./src/SoundEffectPlayer.o
 .text.NVIC_EnableIRQ
                0x00003d20       0x2c ./src/SoundEffectPlayer.o
 .text.NVIC_DisableIRQ
                0x00003d4c       0x30 ./src/SoundEffectPlayer.o
 .text.NVIC_SetPriority
                0x00003d7c       0xdc ./src/SoundEffectPlayer.o
 .text.SysTick_Config
                0x00003e58       0x4c ./src/SoundEffectPlayer.o
 .text.main     0x00003ea4      0x454 ./src/SoundEffectPlayer.o
                0x00003ea4                main
 .text.TIMER16_0_IRQHandler
                0x000042f8       0x7c ./src/SoundEffectPlayer.o
                0x000042f8                TIMER16_0_IRQHandler
 .text.Clear_Buffer
                0x00004374       0x34 ./src/SoundEffectPlayer.o
                0x00004374                Clear_Buffer
 .text.SysTick_Handler
                0x000043a8       0xdc ./src/SoundEffectPlayer.o
                0x000043a8                SysTick_Handler
 .text.Basic_Init
                0x00004484       0x6c ./src/SoundEffectPlayer.o
                0x00004484                Basic_Init
 .text.ErrorHandle
                0x000044f0       0x70 ./src/SoundEffectPlayer.o
                0x000044f0                ErrorHandle
 .text.UART_Init_GPIO
                0x00004560       0x7c ./src/SoundEffectPlayer.o
                0x00004560                UART_Init_GPIO
 .text.SPI_Init_GPIO
                0x000045dc       0x48 ./src/SoundEffectPlayer.o
                0x000045dc                SPI_Init_GPIO
 .text.xputc    0x00004624       0x58 ./src/xprintf.o
                0x00004624                xputc
 .text.xputs    0x0000467c       0x28 ./src/xprintf.o
                0x0000467c                xputs
 .text.xvprintf
                0x000046a4      0x31c ./src/xprintf.o
 .text.xprintf  0x000049c0       0x28 ./src/xprintf.o
                0x000049c0                xprintf
 .text.__NOP    0x000049e8        0xc /home/evaota/LPCXpresso/workspace/CMSISv1p30_LPC11xx/Debug/libCMSISv1p30_LPC11xx.a(system_LPC11xx.o)
 .text.SystemInit
                0x000049f4       0xe0 /home/evaota/LPCXpresso/workspace/CMSISv1p30_LPC11xx/Debug/libCMSISv1p30_LPC11xx.a(system_LPC11xx.o)
                0x000049f4                SystemInit
 .text.__weak_main
                0x00004ad4        0x8 /usr/local/lpcxpresso_8.2.2_650/lpcxpresso/tools/bin/../lib/gcc/arm-none-eabi/5.4.1/../../../../arm-none-eabi/lib/armv6-m/libcr_c.a(__weak__main.o)
                0x00004ad4                __main
                0x00004ad4                __weak_main
 .text.strstr   0x00004adc       0x22 /usr/local/lpcxpresso_8.2.2_650/lpcxpresso/tools/bin/../lib/gcc/arm-none-eabi/5.4.1/../../../../arm-none-eabi/lib/armv6-m/libcr_c.a(strstr.o)
                0x00004adc                strstr
 .text.__aeabi_division_idivmod
                0x00004afe       0x78 /usr/local/lpcxpresso_8.2.2_650/lpcxpresso/tools/bin/../lib/gcc/arm-none-eabi/5.4.1/armv6-m/libcr_eabihelpers.a(division_32.o)
                0x00004afe                __aeabi_idiv
                0x00004afe                __aeabi_idivmod
                0x00004b04                __aeabi_uidiv
                0x00004b04                __aeabi_uidivmod
 .text.__aeabi_division_idiv0
                0x00004b76        0x2 /usr/local/lpcxpresso_8.2.2_650/lpcxpresso/tools/bin/../lib/gcc/arm-none-eabi/5.4.1/armv6-m/libcr_eabihelpers.a(division_idiv0.o)
                0x00004b76                __aeabi_idiv0
 *(.rodata .rodata.* .constdata .constdata.*)
 .rodata        0x00004b78      0x1fc ./src/wav/wav.o
 .rodata        0x00004d74        0xf ./src/fatfs/ff.o
 *fill*         0x00004d83        0x1 ff
 .rodata.baudtable
                0x00004d84       0x28 ./src/UART/LPC11xx_UART.o
 .rodata        0x00004dac       0x35 ./src/SoundEffectPlayer.o
 *fill*         0x00004de1        0x3 ff
 .rodata.xvprintf
                0x00004de4       0x5c ./src/xprintf.o
                0x00004e40                . = ALIGN (0x4)

.glue_7         0x00004e40        0x0
 .glue_7        0x00004e40        0x0 linker stubs

.glue_7t        0x00004e40        0x0
 .glue_7t       0x00004e40        0x0 linker stubs

.vfp11_veneer   0x00004e40        0x0
 .vfp11_veneer  0x00004e40        0x0 linker stubs

.v4_bx          0x00004e40        0x0
 .v4_bx         0x00004e40        0x0 linker stubs

.iplt           0x00004e40        0x0
 .iplt          0x00004e40        0x0 ./src/wav/wav.o

.rel.dyn        0x00004e40        0x0
 .rel.iplt      0x00004e40        0x0 ./src/wav/wav.o

.ARM.extab
 *(.ARM.extab* .gnu.linkonce.armextab.*)
                0x00004e40                __exidx_start = .

.ARM.exidx
 *(.ARM.exidx* .gnu.linkonce.armexidx.*)
                0x00004e40                __exidx_end = .
                0x00004e40                _etext = .

.uninit_RESERVED
                0x10000000        0x0
 *(.bss.$RESERVED*)
                0x10000000                . = ALIGN (0x4)
                0x10000000                _end_uninit_RESERVED = .

.data           0x10000000        0x8 load address 0x00004e40
 FILL mask 0xff
                0x10000000                _data = .
 *(vtable)
 *(.ramfunc*)
 *(.data*)
 .data.Stat     0x10000000        0x1 ./src/fatfs/mmc_ssp.o
 .data.playctrl
                0x10000001        0x1 ./src/SoundEffectPlayer.o
                0x10000001                playctrl
 *fill*         0x10000002        0x2 ff
 .data          0x10000004        0x4 /home/evaota/LPCXpresso/workspace/CMSISv1p30_LPC11xx/Debug/libCMSISv1p30_LPC11xx.a(system_LPC11xx.o)
                0x10000004                SystemCoreClock
                0x10000008                . = ALIGN (0x4)
                0x10000008                _edata = .

.igot.plt       0x10000008        0x0 load address 0x00004e48
 .igot.plt      0x10000008        0x0 ./src/wav/wav.o

.bss            0x10000008      0x48c load address 0x00004e48
                0x10000008                _bss = .
 *(.bss*)
 .bss.FatFs     0x10000008        0x4 ./src/fatfs/ff.o
 .bss.Fsid      0x1000000c        0x2 ./src/fatfs/ff.o
 *fill*         0x1000000e        0x2 
 .bss.Timer1    0x10000010        0x4 ./src/fatfs/mmc_ssp.o
 .bss.Timer2    0x10000014        0x4 ./src/fatfs/mmc_ssp.o
 .bss.CardType  0x10000018        0x1 ./src/fatfs/mmc_ssp.o
 *fill*         0x10000019        0x3 
 .bss.Buff      0x1000001c      0x400 ./src/SoundEffectPlayer.o
                0x1000001c                Buff
 .bss.Bri       0x1000041c        0x4 ./src/SoundEffectPlayer.o
                0x1000041c                Bri
 .bss.Bwi       0x10000420        0x4 ./src/SoundEffectPlayer.o
                0x10000420                Bwi
 .bss.Bct       0x10000424        0x4 ./src/SoundEffectPlayer.o
                0x10000424                Bct
 .bss.Timer     0x10000428        0x4 ./src/SoundEffectPlayer.o
                0x10000428                Timer
 .bss.timer_conf
                0x1000042c       0x24 ./src/SoundEffectPlayer.o
                0x1000042c                timer_conf
 .bss.pconfig   0x10000450       0x2c ./src/SoundEffectPlayer.o
                0x10000450                pconfig
 .bss.delay     0x1000047c        0x4 ./src/SoundEffectPlayer.o
                0x1000047c                delay
 .bss.wav_ok    0x10000480        0x1 ./src/SoundEffectPlayer.o
                0x10000480                wav_ok
 .bss.play      0x10000481        0x1 ./src/SoundEffectPlayer.o
                0x10000481                play
 *fill*         0x10000482        0x2 
 .bss.led.5220  0x10000484        0x4 ./src/SoundEffectPlayer.o
 .bss.xfunc_out
                0x10000488        0x4 ./src/xprintf.o
                0x10000488                xfunc_out
 .bss.outptr    0x1000048c        0x4 ./src/xprintf.o
 .bss.xfunc_in  0x10000490        0x4 ./src/xprintf.o
                0x10000490                xfunc_in
 *(COMMON)
                0x10000494                . = ALIGN (0x4)
                0x10000494                _ebss = .
                [!provide]                PROVIDE (end, .)

.noinit         0x10000494        0x0 load address 0x00004e48
                0x10000494                _noinit = .
 *(.noinit*)
                0x10000494                . = ALIGN (0x4)
                0x10000494                _end_noinit = .
                [!provide]                PROVIDE (_pvHeapStart, DEFINED (__user_heap_base)?__user_heap_base:.)
                0x10001000                PROVIDE (_vStackTop, DEFINED (__user_stack_top)?__user_stack_top:(__top_RamLoc4 - 0x0))
                0xefffeb1d                PROVIDE (__valid_user_code_checksum, (0x0 - (((_vStackTop + (ResetISR + 0x1)) + (DEFINED (NMI_Handler)?NMI_Handler:M0_NMI_Handler + 0x1)) + (DEFINED (HardFault_Handler)?HardFault_Handler:M0_HardFault_Handler + 0x1))))
OUTPUT(WAVPlayer.axf elf32-littlearm)

.debug_info     0x00000000     0x5dce
 .debug_info    0x00000000      0x66c ./src/wav/wav.o
 .debug_info    0x0000066c     0x1a9b ./src/fatfs/ff.o
 .debug_info    0x00002107      0xab5 ./src/fatfs/mmc_ssp.o
 .debug_info    0x00002bbc      0x6bb ./src/UART/LPC11xx_UART.o
 .debug_info    0x00003277      0x641 ./src/Timer16_32/LPC11xx_Timer16_32.o
 .debug_info    0x000038b8      0x53a ./src/SPI/LPC11xx_SPI.o
 .debug_info    0x00003df2      0x31d ./src/PWM/LPC11xx_PWM.o
 .debug_info    0x0000410f     0x1156 ./src/SoundEffectPlayer.o
 .debug_info    0x00005265      0x203 ./src/cr_startup_lpc11xx.o
 .debug_info    0x00005468       0x3f ./src/crp.o
 .debug_info    0x000054a7      0x4c2 ./src/xprintf.o
 .debug_info    0x00005969      0x465 /home/evaota/LPCXpresso/workspace/CMSISv1p30_LPC11xx/Debug/libCMSISv1p30_LPC11xx.a(system_LPC11xx.o)

.debug_abbrev   0x00000000     0x1142
 .debug_abbrev  0x00000000      0x134 ./src/wav/wav.o
 .debug_abbrev  0x00000134      0x18e ./src/fatfs/ff.o
 .debug_abbrev  0x000002c2      0x2a7 ./src/fatfs/mmc_ssp.o
 .debug_abbrev  0x00000569      0x1a3 ./src/UART/LPC11xx_UART.o
 .debug_abbrev  0x0000070c      0x13b ./src/Timer16_32/LPC11xx_Timer16_32.o
 .debug_abbrev  0x00000847      0x142 ./src/SPI/LPC11xx_SPI.o
 .debug_abbrev  0x00000989       0xf8 ./src/PWM/LPC11xx_PWM.o
 .debug_abbrev  0x00000a81      0x32c ./src/SoundEffectPlayer.o
 .debug_abbrev  0x00000dad       0xe6 ./src/cr_startup_lpc11xx.o
 .debug_abbrev  0x00000e93       0x36 ./src/crp.o
 .debug_abbrev  0x00000ec9      0x197 ./src/xprintf.o
 .debug_abbrev  0x00001060       0xe2 /home/evaota/LPCXpresso/workspace/CMSISv1p30_LPC11xx/Debug/libCMSISv1p30_LPC11xx.a(system_LPC11xx.o)

.debug_aranges  0x00000000      0x510
 .debug_aranges
                0x00000000       0x40 ./src/wav/wav.o
 .debug_aranges
                0x00000040      0x1b8 ./src/fatfs/ff.o
 .debug_aranges
                0x000001f8       0xa0 ./src/fatfs/mmc_ssp.o
 .debug_aranges
                0x00000298       0x38 ./src/UART/LPC11xx_UART.o
 .debug_aranges
                0x000002d0       0x30 ./src/Timer16_32/LPC11xx_Timer16_32.o
 .debug_aranges
                0x00000300       0x30 ./src/SPI/LPC11xx_SPI.o
 .debug_aranges
                0x00000330       0x40 ./src/PWM/LPC11xx_PWM.o
 .debug_aranges
                0x00000370       0x88 ./src/SoundEffectPlayer.o
 .debug_aranges
                0x000003f8       0x60 ./src/cr_startup_lpc11xx.o
 .debug_aranges
                0x00000458       0x18 ./src/crp.o
 .debug_aranges
                0x00000470       0x70 ./src/xprintf.o
 .debug_aranges
                0x000004e0       0x30 /home/evaota/LPCXpresso/workspace/CMSISv1p30_LPC11xx/Debug/libCMSISv1p30_LPC11xx.a(system_LPC11xx.o)

.debug_ranges   0x00000000      0x448
 .debug_ranges  0x00000000       0x30 ./src/wav/wav.o
 .debug_ranges  0x00000030      0x1a8 ./src/fatfs/ff.o
 .debug_ranges  0x000001d8       0x90 ./src/fatfs/mmc_ssp.o
 .debug_ranges  0x00000268       0x28 ./src/UART/LPC11xx_UART.o
 .debug_ranges  0x00000290       0x20 ./src/Timer16_32/LPC11xx_Timer16_32.o
 .debug_ranges  0x000002b0       0x20 ./src/SPI/LPC11xx_SPI.o
 .debug_ranges  0x000002d0       0x30 ./src/PWM/LPC11xx_PWM.o
 .debug_ranges  0x00000300       0x78 ./src/SoundEffectPlayer.o
 .debug_ranges  0x00000378       0x50 ./src/cr_startup_lpc11xx.o
 .debug_ranges  0x000003c8       0x60 ./src/xprintf.o
 .debug_ranges  0x00000428       0x20 /home/evaota/LPCXpresso/workspace/CMSISv1p30_LPC11xx/Debug/libCMSISv1p30_LPC11xx.a(system_LPC11xx.o)

.debug_macro    0x00000000     0x318f
 .debug_macro   0x00000000       0xc1 ./src/wav/wav.o
 .debug_macro   0x000000c1      0x83e ./src/wav/wav.o
 .debug_macro   0x000008ff       0x10 ./src/wav/wav.o
 .debug_macro   0x0000090f      0x12d ./src/wav/wav.o
 .debug_macro   0x00000a3c       0x28 ./src/wav/wav.o
 .debug_macro   0x00000a64       0x9a ./src/wav/wav.o
 .debug_macro   0x00000afe      0x5b2 ./src/wav/wav.o
 .debug_macro   0x000010b0       0x22 ./src/wav/wav.o
 .debug_macro   0x000010d2       0x16 ./src/wav/wav.o
 .debug_macro   0x000010e8       0xa6 ./src/wav/wav.o
 .debug_macro   0x0000118e       0xdc ./src/wav/wav.o
 .debug_macro   0x0000126a       0xee ./src/wav/wav.o
 .debug_macro   0x00001358       0x1c ./src/wav/wav.o
 .debug_macro   0x00001374       0x40 ./src/wav/wav.o
 .debug_macro   0x000013b4      0x2a5 ./src/fatfs/ff.o
 .debug_macro   0x00001659       0xf5 ./src/fatfs/ff.o
 .debug_macro   0x0000174e       0xb8 ./src/fatfs/ff.o
 .debug_macro   0x00001806      0x183 ./src/fatfs/mmc_ssp.o
 .debug_macro   0x00001989       0x1c ./src/fatfs/mmc_ssp.o
 .debug_macro   0x000019a5       0x22 ./src/fatfs/mmc_ssp.o
 .debug_macro   0x000019c7      0x37a ./src/fatfs/mmc_ssp.o
 .debug_macro   0x00001d41      0x123 ./src/fatfs/mmc_ssp.o
 .debug_macro   0x00001e64       0xa0 ./src/fatfs/mmc_ssp.o
 .debug_macro   0x00001f04       0xc4 ./src/fatfs/mmc_ssp.o
 .debug_macro   0x00001fc8       0x22 ./src/fatfs/mmc_ssp.o
 .debug_macro   0x00001fea       0x16 ./src/fatfs/mmc_ssp.o
 .debug_macro   0x00002000       0x2e ./src/fatfs/mmc_ssp.o
 .debug_macro   0x0000202e       0x6c ./src/UART/LPC11xx_UART.o
 .debug_macro   0x0000209a       0x71 ./src/Timer16_32/LPC11xx_Timer16_32.o
 .debug_macro   0x0000210b       0x1c ./src/Timer16_32/LPC11xx_Timer16_32.o
 .debug_macro   0x00002127       0x6c ./src/SPI/LPC11xx_SPI.o
 .debug_macro   0x00002193       0x75 ./src/PWM/LPC11xx_PWM.o
 .debug_macro   0x00002208      0x166 ./src/SoundEffectPlayer.o
 .debug_macro   0x0000236e       0x82 ./src/SoundEffectPlayer.o
 .debug_macro   0x000023f0       0x1d ./src/cr_startup_lpc11xx.o
 .debug_macro   0x0000240d       0x1a ./src/crp.o
 .debug_macro   0x00002427       0x34 ./src/crp.o
 .debug_macro   0x0000245b       0x32 ./src/xprintf.o
 .debug_macro   0x0000248d       0x16 ./src/xprintf.o
 .debug_macro   0x000024a3      0x122 /home/evaota/LPCXpresso/workspace/CMSISv1p30_LPC11xx/Debug/libCMSISv1p30_LPC11xx.a(system_LPC11xx.o)
 .debug_macro   0x000025c5      0x832 /home/evaota/LPCXpresso/workspace/CMSISv1p30_LPC11xx/Debug/libCMSISv1p30_LPC11xx.a(system_LPC11xx.o)
 .debug_macro   0x00002df7      0x398 /home/evaota/LPCXpresso/workspace/CMSISv1p30_LPC11xx/Debug/libCMSISv1p30_LPC11xx.a(system_LPC11xx.o)

.debug_line     0x00000000     0x2c84
 .debug_line    0x00000000      0x2b8 ./src/wav/wav.o
 .debug_line    0x000002b8      0xebb ./src/fatfs/ff.o
 .debug_line    0x00001173      0x6ec ./src/fatfs/mmc_ssp.o
 .debug_line    0x0000185f      0x1db ./src/UART/LPC11xx_UART.o
 .debug_line    0x00001a3a      0x1d1 ./src/Timer16_32/LPC11xx_Timer16_32.o
 .debug_line    0x00001c0b      0x1db ./src/SPI/LPC11xx_SPI.o
 .debug_line    0x00001de6      0x223 ./src/PWM/LPC11xx_PWM.o
 .debug_line    0x00002009      0x568 ./src/SoundEffectPlayer.o
 .debug_line    0x00002571       0xba ./src/cr_startup_lpc11xx.o
 .debug_line    0x0000262b       0x7c ./src/crp.o
 .debug_line    0x000026a7      0x3ca ./src/xprintf.o
 .debug_line    0x00002a71      0x213 /home/evaota/LPCXpresso/workspace/CMSISv1p30_LPC11xx/Debug/libCMSISv1p30_LPC11xx.a(system_LPC11xx.o)

.debug_str      0x00000000     0x91f7
 .debug_str     0x00000000     0x4960 ./src/wav/wav.o
                               0x4a2a (size before relaxing)
 .debug_str     0x00004960      0x98a ./src/fatfs/ff.o
                               0x379b (size before relaxing)
 .debug_str     0x000052ea     0x292e ./src/fatfs/mmc_ssp.o
                               0x68c8 (size before relaxing)
 .debug_str     0x00007c18      0x3b4 ./src/UART/LPC11xx_UART.o
                               0x5b9d (size before relaxing)
 .debug_str     0x00007fcc      0x112 ./src/Timer16_32/LPC11xx_Timer16_32.o
                               0x5c41 (size before relaxing)
 .debug_str     0x000080de       0x77 ./src/SPI/LPC11xx_SPI.o
                               0x5af6 (size before relaxing)
 .debug_str     0x00008155       0x99 ./src/PWM/LPC11xx_PWM.o
                               0x59e3 (size before relaxing)
 .debug_str     0x000081ee      0x862 ./src/SoundEffectPlayer.o
                               0x79ef (size before relaxing)
 .debug_str     0x00008a50      0x168 ./src/cr_startup_lpc11xx.o
                               0x2516 (size before relaxing)
 .debug_str     0x00008bb8       0xe9 ./src/crp.o
                               0x2478 (size before relaxing)
 .debug_str     0x00008ca1       0xf8 ./src/xprintf.o
                               0x2623 (size before relaxing)
 .debug_str     0x00008d99      0x45e /home/evaota/LPCXpresso/workspace/CMSISv1p30_LPC11xx/Debug/libCMSISv1p30_LPC11xx.a(system_LPC11xx.o)
                               0x5d81 (size before relaxing)

.comment        0x00000000       0xdc
 .comment       0x00000000       0x6e ./src/wav/wav.o
                                 0x6f (size before relaxing)
 .comment       0x0000006e       0x6f ./src/fatfs/ff.o
 .comment       0x0000006e       0x6f ./src/fatfs/mmc_ssp.o
 .comment       0x0000006e       0x6f ./src/UART/LPC11xx_UART.o
 .comment       0x0000006e       0x6f ./src/Timer16_32/LPC11xx_Timer16_32.o
 .comment       0x0000006e       0x6f ./src/SPI/LPC11xx_SPI.o
 .comment       0x0000006e       0x6f ./src/PWM/LPC11xx_PWM.o
 .comment       0x0000006e       0x6f ./src/SoundEffectPlayer.o
 .comment       0x0000006e       0x6f ./src/cr_startup_lpc11xx.o
 .comment       0x0000006e       0x6f ./src/crp.o
 .comment       0x0000006e       0x6f ./src/xprintf.o
 .comment       0x0000006e       0x6f /home/evaota/LPCXpresso/workspace/CMSISv1p30_LPC11xx/Debug/libCMSISv1p30_LPC11xx.a(system_LPC11xx.o)
 .comment       0x0000006e       0x6e /usr/local/lpcxpresso_8.2.2_650/lpcxpresso/tools/bin/../lib/gcc/arm-none-eabi/5.4.1/../../../../arm-none-eabi/lib/armv6-m/libcr_c.a(__weak__main.o)
                                 0x6f (size before relaxing)
 .comment       0x000000dc       0x6f /usr/local/lpcxpresso_8.2.2_650/lpcxpresso/tools/bin/../lib/gcc/arm-none-eabi/5.4.1/../../../../arm-none-eabi/lib/armv6-m/libcr_c.a(strstr.o)

.ARM.attributes
                0x00000000       0x2f
 .ARM.attributes
                0x00000000       0x31 ./src/wav/wav.o
 .ARM.attributes
                0x00000031       0x31 ./src/fatfs/ff.o
 .ARM.attributes
                0x00000062       0x31 ./src/fatfs/mmc_ssp.o
 .ARM.attributes
                0x00000093       0x31 ./src/UART/LPC11xx_UART.o
 .ARM.attributes
                0x000000c4       0x31 ./src/Timer16_32/LPC11xx_Timer16_32.o
 .ARM.attributes
                0x000000f5       0x31 ./src/SPI/LPC11xx_SPI.o
 .ARM.attributes
                0x00000126       0x31 ./src/PWM/LPC11xx_PWM.o
 .ARM.attributes
                0x00000157       0x31 ./src/SoundEffectPlayer.o
 .ARM.attributes
                0x00000188       0x31 ./src/cr_startup_lpc11xx.o
 .ARM.attributes
                0x000001b9       0x31 ./src/crp.o
 .ARM.attributes
                0x000001ea       0x31 ./src/xprintf.o
 .ARM.attributes
                0x0000021b       0x31 /home/evaota/LPCXpresso/workspace/CMSISv1p30_LPC11xx/Debug/libCMSISv1p30_LPC11xx.a(system_LPC11xx.o)
 .ARM.attributes
                0x0000024c       0x31 /usr/local/lpcxpresso_8.2.2_650/lpcxpresso/tools/bin/../lib/gcc/arm-none-eabi/5.4.1/../../../../arm-none-eabi/lib/armv6-m/libcr_c.a(__weak__main.o)
 .ARM.attributes
                0x0000027d       0x31 /usr/local/lpcxpresso_8.2.2_650/lpcxpresso/tools/bin/../lib/gcc/arm-none-eabi/5.4.1/../../../../arm-none-eabi/lib/armv6-m/libcr_c.a(strstr.o)
 .ARM.attributes
                0x000002ae       0x21 /usr/local/lpcxpresso_8.2.2_650/lpcxpresso/tools/bin/../lib/gcc/arm-none-eabi/5.4.1/armv6-m/libcr_eabihelpers.a(division_32.o)
 .ARM.attributes
                0x000002cf       0x21 /usr/local/lpcxpresso_8.2.2_650/lpcxpresso/tools/bin/../lib/gcc/arm-none-eabi/5.4.1/armv6-m/libcr_eabihelpers.a(division_idiv0.o)

.debug_frame    0x00000000     0x1028
 .debug_frame   0x00000000       0xb4 ./src/wav/wav.o
 .debug_frame   0x000000b4      0x690 ./src/fatfs/ff.o
 .debug_frame   0x00000744      0x220 ./src/fatfs/mmc_ssp.o
 .debug_frame   0x00000964       0x8c ./src/UART/LPC11xx_UART.o
 .debug_frame   0x000009f0       0x70 ./src/Timer16_32/LPC11xx_Timer16_32.o
 .debug_frame   0x00000a60       0x6c ./src/SPI/LPC11xx_SPI.o
 .debug_frame   0x00000acc       0xb0 ./src/PWM/LPC11xx_PWM.o
 .debug_frame   0x00000b7c      0x1b8 ./src/SoundEffectPlayer.o
 .debug_frame   0x00000d34      0x118 ./src/cr_startup_lpc11xx.o
 .debug_frame   0x00000e4c      0x170 ./src/xprintf.o
 .debug_frame   0x00000fbc       0x6c /home/evaota/LPCXpresso/workspace/CMSISv1p30_LPC11xx/Debug/libCMSISv1p30_LPC11xx.a(system_LPC11xx.o)
